// Jest Snapshot v1, https://goo.gl/fbAQLP

exports[`goodbye command snaphot of interaction data 1`] = `
{
  "description": "Send a goodbye message when a user leaves the server.",
  "name": "goodbye",
  "options": [
    {
      "description": "Select the channel where you want to send the goodbye message",
      "name": "set",
      "options": [
        {
          "description": "Select a channel to send goodbye messages",
          "name": "channel",
          "required": true,
          "type": 7,
        },
      ],
      "type": 1,
    },
    {
      "description": "Customise the embed for goodbye messages",
      "name": "customise",
      "options": [
        {
          "description": "Enter the description for the goodbye message",
          "name": "description",
          "required": true,
          "type": 3,
        },
      ],
      "type": 1,
    },
    {
      "description": "Disable goodbye messages from being sent",
      "name": "disable",
      "type": 1,
    },
    {
      "description": "Test goodbye messages",
      "name": "test",
      "type": 1,
    },
  ],
}
`;
